// Vitest Snapshot v1, https://vitest.dev/guide/snapshot.html

exports[`CardDash Component > matches the snapshot 1`] = `
<DocumentFragment>
  <div
    class="MuiPaper-root MuiPaper-elevation MuiPaper-rounded MuiPaper-elevation1 MuiCard-root w-full p-4 css-1j74uew-MuiPaper-root-MuiCard-root"
    style="--Paper-shadow: 0px 2px 1px -1px rgba(0,0,0,0.2),0px 1px 1px 0px rgba(0,0,0,0.14),0px 1px 3px 0px rgba(0,0,0,0.12);"
  >
    <div
      class="flex gap-4"
    >
      <div>
        Icon
      </div>
      <div>
        <p
          class="text-xl font-bold text-text-secondary"
        >
          <span>
            0
          </span>
        </p>
        <p
          class="text-text-subtitle"
        >
          Snapshot Test
        </p>
      </div>
    </div>
  </div>
</DocumentFragment>
`;
